// Jest Snapshot v1, https://goo.gl/fbAQLP

exports[`components/Emoji renders as expected 1`] = `
<small
  aria-label="testing butt emoji"
  className=""
  role="img"
>
  🍑
</small>
`;
